This is pdfTeX, Version 3.141592653-2.6-1.40.24 (TeX Live 2022/Debian) (preloaded format=pdflatex 2026.7.31)  4 SEP 2026 10:43
entering extended mode
 restricted \write18 enabled.
 %&-line parsing enabled.
**insi.tex
(./insi.tex
LaTeX2e <2022-11-01> patch level 1
L3 programming layer <2023-01-16>
(/usr/share/texlive/texmf-dist/tex/latex/base/article.cls
Document Class: article 2022/07/02 v1.4n Standard LaTeX document class
(/usr/share/texlive/texmf-dist/tex/latex/base/size12.clo
File: size12.clo 2022/07/02 v1.4n Standard LaTeX file (size option)
)
\c@part=\count185
\c@section=\count186
\c@subsection=\count187
\c@subsubsection=\count188
\c@paragraph=\count189
\c@subparagraph=\count190
\c@figure=\count191
\c@table=\count192
\abovecaptionskip=\skip48
\belowcaptionskip=\skip49
\bibindent=\dimen140
)
(/usr/share/texlive/texmf-dist/tex/latex/base/inputenc.sty
Package: inputenc 2021/02/14 v1.3d Input encoding file
\inpenc@prehook=\toks16
\inpenc@posthook=\toks17
)
(/usr/share/texlive/texmf-dist/tex/generic/babel/babel.sty
Package: babel 2022/12/26 3.84 The Babel package
\babel@savecnt=\count193
\U@D=\dimen141
\l@unhyphenated=\language5

(/usr/share/texlive/texmf-dist/tex/generic/babel/txtbabel.def)
\bbl@readstream=\read2
\bbl@dirlevel=\count194

(/usr/share/texlive/texmf-dist/tex/generic/babel-french/french.ldf
Language: french 2023/01/02 v3.5p French support from the babel system
Package babel Info: Hyphen rules for 'acadian' set to \l@french
(babel)             (\language3). Reported on input line 91.
Package babel Info: Hyphen rules for 'canadien' set to \l@french
(babel)             (\language3). Reported on input line 92.
\FB@nonchar=\count195
Package babel Info: Making : an active character on input line 395.
Package babel Info: Making ; an active character on input line 396.
Package babel Info: Making ! an active character on input line 397.
Package babel Info: Making ? an active character on input line 398.
\FBguill@level=\count196
\FBold@everypar=\toks18
\FB@Mht=\dimen142
\mc@charclass=\count197
\mc@charfam=\count198
\mc@charslot=\count199
\std@mcc=\count266
\dec@mcc=\count267
\listindentFB=\dimen143
\descindentFB=\dimen144
\labelindentFB=\dimen145
\labelwidthFB=\dimen146
\leftmarginFB=\dimen147
\parindentFFN=\dimen148
\FBfnindent=\dimen149
))
(/usr/share/texlive/texmf-dist/tex/generic/babel/locale/fr/babel-french.tex
Package babel Info: Importing font and identification data for french
(babel)             from babel-fr.ini. Reported on input line 11.
)
(/usr/share/texlive/texmf-dist/tex/latex/carlisle/scalefnt.sty)
(/usr/share/texlive/texmf-dist/tex/latex/graphics/keyval.sty
Package: keyval 2022/05/29 v1.15 key=value parser (DPC)
\KV@toks@=\toks19
)
(/usr/share/texlive/texmf-dist/tex/latex/url/url.sty
\Urlmuskip=\muskip16
Package: url 2013/09/16  ver 3.4  Verb mode for urls, etc.
)
(/usr/share/texlive/texmf-dist/tex/latex/graphics/graphicx.sty
Package: graphicx 2021/09/16 v1.2d Enhanced LaTeX Graphics (DPC,SPQR)

(/usr/share/texlive/texmf-dist/tex/latex/graphics/graphics.sty
Package: graphics 2022/03/10 v1.4e Standard LaTeX Graphics (DPC,SPQR)

(/usr/share/texlive/texmf-dist/tex/latex/graphics/trig.sty
Package: trig 2021/08/11 v1.11 sin cos tan (DPC)
)
(/usr/share/texlive/texmf-dist/tex/latex/graphics-cfg/graphics.cfg
File: graphics.cfg 2016/06/04 v1.11 sample graphics configuration
)
Package graphics Info: Driver file: pdftex.def on input line 107.

(/usr/share/texlive/texmf-dist/tex/latex/graphics-def/pdftex.def
File: pdftex.def 2022/09/22 v1.2b Graphics/color driver for pdftex
))
\Gin@req@height=\dimen150
\Gin@req@width=\dimen151
)
(/usr/share/texlive/texmf-dist/tex/latex/setspace/setspace.sty
Package: setspace 2022/12/04 v6.7b set line spacing
)
(/usr/share/texlive/texmf-dist/tex/latex/xcolor/xcolor.sty
Package: xcolor 2022/06/12 v2.14 LaTeX color extensions (UK)

(/usr/share/texlive/texmf-dist/tex/latex/graphics-cfg/color.cfg
File: color.cfg 2016/01/02 v1.6 sample color configuration
)
Package xcolor Info: Driver file: pdftex.def on input line 227.

(/usr/share/texlive/texmf-dist/tex/latex/graphics/mathcolor.ltx)
Package xcolor Info: Model `cmy' substituted by `cmy0' on input line 1353.
Package xcolor Info: Model `hsb' substituted by `rgb' on input line 1357.
Package xcolor Info: Model `RGB' extended on input line 1369.
Package xcolor Info: Model `HTML' substituted by `rgb' on input line 1371.
Package xcolor Info: Model `Hsb' substituted by `hsb' on input line 1372.
Package xcolor Info: Model `tHsb' substituted by `hsb' on input line 1373.
Package xcolor Info: Model `HSB' substituted by `hsb' on input line 1374.
Package xcolor Info: Model `Gray' substituted by `gray' on input line 1375.
Package xcolor Info: Model `wave' substituted by `hsb' on input line 1376.
)
(/usr/share/texlive/texmf-dist/tex/latex/tcolorbox/tcolorbox.sty
Package: tcolorbox 2022/06/24 version 5.1.1 text color boxes

(/usr/share/texlive/texmf-dist/tex/latex/pgf/basiclayer/pgf.sty
(/usr/share/texlive/texmf-dist/tex/latex/pgf/utilities/pgfrcs.sty
(/usr/share/texlive/texmf-dist/tex/generic/pgf/utilities/pgfutil-common.tex
\pgfutil@everybye=\toks20
\pgfutil@tempdima=\dimen152
\pgfutil@tempdimb=\dimen153
)
(/usr/share/texlive/texmf-dist/tex/generic/pgf/utilities/pgfutil-latex.def
\pgfutil@abb=\box51
)
(/usr/share/texlive/texmf-dist/tex/generic/pgf/utilities/pgfrcs.code.tex
(/usr/share/texlive/texmf-dist/tex/generic/pgf/pgf.revision.tex)
Package: pgfrcs 2023-01-15 v3.1.10 (3.1.10)
))
Package: pgf 2023-01-15 v3.1.10 (3.1.10)

(/usr/share/texlive/texmf-dist/tex/latex/pgf/basiclayer/pgfcore.sty
(/usr/share/texlive/texmf-dist/tex/latex/pgf/systemlayer/pgfsys.sty
(/usr/share/texlive/texmf-dist/tex/generic/pgf/systemlayer/pgfsys.code.tex
Package: pgfsys 2023-01-15 v3.1.10 (3.1.10)

(/usr/share/texlive/texmf-dist/tex/generic/pgf/utilities/pgfkeys.code.tex
\pgfkeys@pathtoks=\toks21
\pgfkeys@temptoks=\toks22

(/usr/share/texlive/texmf-dist/tex/generic/pgf/utilities/pgfkeyslibraryfiltered
.code.tex
\pgfkeys@tmptoks=\toks23
))
\pgf@x=\dimen154
\pgf@y=\dimen155
\pgf@xa=\dimen156
\pgf@ya=\dimen157
\pgf@xb=\dimen158
\pgf@yb=\dimen159
\pgf@xc=\dimen160
\pgf@yc=\dimen161
\pgf@xd=\dimen162
\pgf@yd=\dimen163
\w@pgf@writea=\write3
\r@pgf@reada=\read3
\c@pgf@counta=\count268
\c@pgf@countb=\count269
\c@pgf@countc=\count270
\c@pgf@countd=\count271
\t@pgf@toka=\toks24
\t@pgf@tokb=\toks25
\t@pgf@tokc=\toks26
\pgf@sys@id@count=\count272
 (/usr/share/texlive/texmf-dist/tex/generic/pgf/systemlayer/pgf.cfg
File: pgf.cfg 2023-01-15 v3.1.10 (3.1.10)
)
Driver file for pgf: pgfsys-pdftex.def
(/usr/share/texlive/texmf-dist/tex/generic/pgf/systemlayer/pgfsys-pdftex.def
File: pgfsys-pdftex.def 2023-01-15 v3.1.10 (3.1.10)

(/usr/share/texlive/texmf-dist/tex/generic/pgf/systemlayer/pgfsys-common-pdf.de
f
File: pgfsys-common-pdf.def 2023-01-15 v3.1.10 (3.1.10)
)))
(/usr/share/texlive/texmf-dist/tex/generic/pgf/systemlayer/pgfsyssoftpath.code.
tex
File: pgfsyssoftpath.code.tex 2023-01-15 v3.1.10 (3.1.10)
\pgfsyssoftpath@smallbuffer@items=\count273
\pgfsyssoftpath@bigbuffer@items=\count274
)
(/usr/share/texlive/texmf-dist/tex/generic/pgf/systemlayer/pgfsysprotocol.code.
tex
File: pgfsysprotocol.code.tex 2023-01-15 v3.1.10 (3.1.10)
))
(/usr/share/texlive/texmf-dist/tex/generic/pgf/basiclayer/pgfcore.code.tex
Package: pgfcore 2023-01-15 v3.1.10 (3.1.10)

(/usr/share/texlive/texmf-dist/tex/generic/pgf/math/pgfmath.code.tex
(/usr/share/texlive/texmf-dist/tex/generic/pgf/math/pgfmathutil.code.tex)
(/usr/share/texlive/texmf-dist/tex/generic/pgf/math/pgfmathparser.code.tex
\pgfmath@dimen=\dimen164
\pgfmath@count=\count275
\pgfmath@box=\box52
\pgfmath@toks=\toks27
\pgfmath@stack@operand=\toks28
\pgfmath@stack@operation=\toks29
)
(/usr/share/texlive/texmf-dist/tex/generic/pgf/math/pgfmathfunctions.code.tex)
(/usr/share/texlive/texmf-dist/tex/generic/pgf/math/pgfmathfunctions.basic.code
.tex)
(/usr/share/texlive/texmf-dist/tex/generic/pgf/math/pgfmathfunctions.trigonomet
ric.code.tex)
(/usr/share/texlive/texmf-dist/tex/generic/pgf/math/pgfmathfunctions.random.cod
e.tex)
(/usr/share/texlive/texmf-dist/tex/generic/pgf/math/pgfmathfunctions.comparison
.code.tex)
(/usr/share/texlive/texmf-dist/tex/generic/pgf/math/pgfmathfunctions.base.code.
tex)
(/usr/share/texlive/texmf-dist/tex/generic/pgf/math/pgfmathfunctions.round.code
.tex)
(/usr/share/texlive/texmf-dist/tex/generic/pgf/math/pgfmathfunctions.misc.code.
tex)
(/usr/share/texlive/texmf-dist/tex/generic/pgf/math/pgfmathfunctions.integerari
thmetics.code.tex)
(/usr/share/texlive/texmf-dist/tex/generic/pgf/math/pgfmathcalc.code.tex)
(/usr/share/texlive/texmf-dist/tex/generic/pgf/math/pgfmathfloat.code.tex
\c@pgfmathroundto@lastzeros=\count276
))
(/usr/share/texlive/texmf-dist/tex/generic/pgf/math/pgfint.code.tex)
(/usr/share/texlive/texmf-dist/tex/generic/pgf/basiclayer/pgfcorepoints.code.te
x
File: pgfcorepoints.code.tex 2023-01-15 v3.1.10 (3.1.10)
\pgf@picminx=\dimen165
\pgf@picmaxx=\dimen166
\pgf@picminy=\dimen167
\pgf@picmaxy=\dimen168
\pgf@pathminx=\dimen169
\pgf@pathmaxx=\dimen170
\pgf@pathminy=\dimen171
\pgf@pathmaxy=\dimen172
\pgf@xx=\dimen173
\pgf@xy=\dimen174
\pgf@yx=\dimen175
\pgf@yy=\dimen176
\pgf@zx=\dimen177
\pgf@zy=\dimen178
)
(/usr/share/texlive/texmf-dist/tex/generic/pgf/basiclayer/pgfcorepathconstruct.
code.tex
File: pgfcorepathconstruct.code.tex 2023-01-15 v3.1.10 (3.1.10)
\pgf@path@lastx=\dimen179
\pgf@path@lasty=\dimen180
)
(/usr/share/texlive/texmf-dist/tex/generic/pgf/basiclayer/pgfcorepathusage.code
.tex
File: pgfcorepathusage.code.tex 2023-01-15 v3.1.10 (3.1.10)
\pgf@shorten@end@additional=\dimen181
\pgf@shorten@start@additional=\dimen182
)
(/usr/share/texlive/texmf-dist/tex/generic/pgf/basiclayer/pgfcorescopes.code.te
x
File: pgfcorescopes.code.tex 2023-01-15 v3.1.10 (3.1.10)
\pgfpic=\box53
\pgf@hbox=\box54
\pgf@layerbox@main=\box55
\pgf@picture@serial@count=\count277
)
(/usr/share/texlive/texmf-dist/tex/generic/pgf/basiclayer/pgfcoregraphicstate.c
ode.tex
File: pgfcoregraphicstate.code.tex 2023-01-15 v3.1.10 (3.1.10)
\pgflinewidth=\dimen183
)
(/usr/share/texlive/texmf-dist/tex/generic/pgf/basiclayer/pgfcoretransformation
s.code.tex
File: pgfcoretransformations.code.tex 2023-01-15 v3.1.10 (3.1.10)
\pgf@pt@x=\dimen184
\pgf@pt@y=\dimen185
\pgf@pt@temp=\dimen186
)
(/usr/share/texlive/texmf-dist/tex/generic/pgf/basiclayer/pgfcorequick.code.tex
File: pgfcorequick.code.tex 2023-01-15 v3.1.10 (3.1.10)
)
(/usr/share/texlive/texmf-dist/tex/generic/pgf/basiclayer/pgfcoreobjects.code.t
ex
File: pgfcoreobjects.code.tex 2023-01-15 v3.1.10 (3.1.10)
)
(/usr/share/texlive/texmf-dist/tex/generic/pgf/basiclayer/pgfcorepathprocessing
.code.tex
File: pgfcorepathprocessing.code.tex 2023-01-15 v3.1.10 (3.1.10)
)
(/usr/share/texlive/texmf-dist/tex/generic/pgf/basiclayer/pgfcorearrows.code.te
x
File: pgfcorearrows.code.tex 2023-01-15 v3.1.10 (3.1.10)
\pgfarrowsep=\dimen187
)
(/usr/share/texlive/texmf-dist/tex/generic/pgf/basiclayer/pgfcoreshade.code.tex
File: pgfcoreshade.code.tex 2023-01-15 v3.1.10 (3.1.10)
\pgf@max=\dimen188
\pgf@sys@shading@range@num=\count278
\pgf@shadingcount=\count279
)
(/usr/share/texlive/texmf-dist/tex/generic/pgf/basiclayer/pgfcoreimage.code.tex
File: pgfcoreimage.code.tex 2023-01-15 v3.1.10 (3.1.10)
)
(/usr/share/texlive/texmf-dist/tex/generic/pgf/basiclayer/pgfcoreexternal.code.
tex
File: pgfcoreexternal.code.tex 2023-01-15 v3.1.10 (3.1.10)
\pgfexternal@startupbox=\box56
)
(/usr/share/texlive/texmf-dist/tex/generic/pgf/basiclayer/pgfcorelayers.code.te
x
File: pgfcorelayers.code.tex 2023-01-15 v3.1.10 (3.1.10)
)
(/usr/share/texlive/texmf-dist/tex/generic/pgf/basiclayer/pgfcoretransparency.c
ode.tex
File: pgfcoretransparency.code.tex 2023-01-15 v3.1.10 (3.1.10)
)
(/usr/share/texlive/texmf-dist/tex/generic/pgf/basiclayer/pgfcorepatterns.code.
tex
File: pgfcorepatterns.code.tex 2023-01-15 v3.1.10 (3.1.10)
)
(/usr/share/texlive/texmf-dist/tex/generic/pgf/basiclayer/pgfcorerdf.code.tex
File: pgfcorerdf.code.tex 2023-01-15 v3.1.10 (3.1.10)
)))
(/usr/share/texlive/texmf-dist/tex/generic/pgf/modules/pgfmoduleshapes.code.tex
File: pgfmoduleshapes.code.tex 2023-01-15 v3.1.10 (3.1.10)
\pgfnodeparttextbox=\box57
) (/usr/share/texlive/texmf-dist/tex/generic/pgf/modules/pgfmoduleplot.code.tex
File: pgfmoduleplot.code.tex 2023-01-15 v3.1.10 (3.1.10)
)
(/usr/share/texlive/texmf-dist/tex/latex/pgf/compatibility/pgfcomp-version-0-65
.sty
Package: pgfcomp-version-0-65 2023-01-15 v3.1.10 (3.1.10)
\pgf@nodesepstart=\dimen189
\pgf@nodesepend=\dimen190
)
(/usr/share/texlive/texmf-dist/tex/latex/pgf/compatibility/pgfcomp-version-1-18
.sty
Package: pgfcomp-version-1-18 2023-01-15 v3.1.10 (3.1.10)
)) (/usr/share/texlive/texmf-dist/tex/latex/tools/verbatim.sty
Package: verbatim 2022-07-02 v1.5u LaTeX2e package for verbatim enhancements
\every@verbatim=\toks30
\verbatim@line=\toks31
\verbatim@in@stream=\read4
)
(/usr/share/texlive/texmf-dist/tex/latex/environ/environ.sty
Package: environ 2014/05/04 v0.3 A new way to define environments

(/usr/share/texlive/texmf-dist/tex/latex/trimspaces/trimspaces.sty
Package: trimspaces 2009/09/17 v1.1 Trim spaces around a token list
)
\@envbody=\toks32
)
(/usr/share/texlive/texmf-dist/tex/latex/etoolbox/etoolbox.sty
Package: etoolbox 2020/10/05 v2.5k e-TeX tools for LaTeX (JAW)
\etb@tempcnta=\count280
)
\tcb@titlebox=\box58
\tcb@upperbox=\box59
\tcb@lowerbox=\box60
\tcb@phantombox=\box61
\c@tcbbreakpart=\count281
\c@tcblayer=\count282
\c@tcolorbox@number=\count283
\tcb@temp=\box62
\tcb@temp=\box63
\tcb@temp=\box64
\tcb@temp=\box65
)
(/usr/share/texlive/texmf-dist/tex/latex/base/fontenc.sty
Package: fontenc 2021/04/29 v2.0v Standard LaTeX package
)
(/usr/share/texlive/texmf-dist/tex/latex/booktabs/booktabs.sty
Package: booktabs 2020/01/12 v1.61803398 Publication quality tables
\heavyrulewidth=\dimen191
\lightrulewidth=\dimen192
\cmidrulewidth=\dimen193
\belowrulesep=\dimen194
\belowbottomsep=\dimen195
\aboverulesep=\dimen196
\abovetopsep=\dimen197
\cmidrulesep=\dimen198
\cmidrulekern=\dimen199
\defaultaddspace=\dimen256
\@cmidla=\count284
\@cmidlb=\count285
\@aboverulesep=\dimen257
\@belowrulesep=\dimen258
\@thisruleclass=\count286
\@lastruleclass=\count287
\@thisrulewidth=\dimen259
)
(/usr/share/texlive/texmf-dist/tex/latex/newtx/newtxtext.sty
Package: newtxtext 2022/02/28 v1.71(Michael Sharpe) latex and unicode latex sup
port for TeXGyreTermesX

`newtxtext' v1.71, 2022/02/28 Text macros taking advantage of TeXGyre Termes an
d its extensions (msharpe)
(/usr/share/texlive/texmf-dist/tex/generic/iftex/iftex.sty
Package: iftex 2022/02/03 v1.0f TeX engine tests
)
(/usr/share/texlive/texmf-dist/tex/latex/xkeyval/xkeyval.sty
Package: xkeyval 2022/06/16 v2.9 package option processing (HA)

(/usr/share/texlive/texmf-dist/tex/generic/xkeyval/xkeyval.tex
(/usr/share/texlive/texmf-dist/tex/generic/xkeyval/xkvutils.tex
\XKV@toks=\toks33
\XKV@tempa@toks=\toks34
)
\XKV@depth=\count288
File: xkeyval.tex 2014/12/03 v2.7a key=value parser (HA)
))
(/usr/share/texlive/texmf-dist/tex/latex/base/textcomp.sty
Package: textcomp 2020/02/02 v2.0n Standard LaTeX package
)
(/usr/share/texlive/texmf-dist/tex/generic/xstring/xstring.sty
(/usr/share/texlive/texmf-dist/tex/generic/xstring/xstring.tex
\integerpart=\count289
\decimalpart=\count290
)
Package: xstring 2023/01/14 v1.85 String manipulations (CT)
)
(/usr/share/texlive/texmf-dist/tex/latex/base/ifthen.sty
Package: ifthen 2022/04/13 v1.1d Standard LaTeX ifthen package (DPC)
)
LaTeX Font Info:    Setting ntxLF sub-encoding to TS1/0 on input line 21.
LaTeX Font Info:    Setting ntxTLF sub-encoding to TS1/0 on input line 21.
LaTeX Font Info:    Setting ntxOsF sub-encoding to TS1/0 on input line 21.
LaTeX Font Info:    Setting ntxTOsF sub-encoding to TS1/0 on input line 21.

(/usr/share/texlive/texmf-dist/tex/generic/kastrup/binhex.tex)
\ntx@tmpcnta=\count291
\ntx@cnt=\count292

ntx@otftextfalse
(/usr/share/texlive/texmf-dist/tex/latex/fontaxes/fontaxes.sty
Package: fontaxes 2020/07/21 v1.0e Font selection axes
LaTeX Info: Redefining \upshape on input line 29.
LaTeX Info: Redefining \itshape on input line 31.
LaTeX Info: Redefining \slshape on input line 33.
LaTeX Info: Redefining \swshape on input line 35.
LaTeX Info: Redefining \scshape on input line 37.
LaTeX Info: Redefining \sscshape on input line 39.
LaTeX Info: Redefining \ulcshape on input line 41.
LaTeX Info: Redefining \textsw on input line 47.
LaTeX Info: Redefining \textssc on input line 48.
LaTeX Info: Redefining \textulc on input line 49.
)
LaTeX Info: Redefining \oldstylenums on input line 657.
)
(/usr/share/texlive/texmf-dist/tex/latex/newtx/newtxmath.sty
Package: newtxmath 2022/01/16 v1.71

`newtxmath' v1.71, 2022/01/16 Math macros based originally on txfonts (msharpe)
(/usr/share/texlive/texmf-dist/tex/latex/amsmath/amsmath.sty
Package: amsmath 2022/04/08 v2.17n AMS math features
\@mathmargin=\skip50

For additional information on amsmath, use the `?' option.
(/usr/share/texlive/texmf-dist/tex/latex/amsmath/amstext.sty
Package: amstext 2021/08/26 v2.01 AMS text

(/usr/share/texlive/texmf-dist/tex/latex/amsmath/amsgen.sty
File: amsgen.sty 1999/11/30 v2.0 generic functions
\@emptytoks=\toks35
\ex@=\dimen260
))
(/usr/share/texlive/texmf-dist/tex/latex/amsmath/amsbsy.sty
Package: amsbsy 1999/11/29 v1.2d Bold Symbols
\pmbraise@=\dimen261
)
(/usr/share/texlive/texmf-dist/tex/latex/amsmath/amsopn.sty
Package: amsopn 2022/04/08 v2.04 operator names
)
\inf@bad=\count293
LaTeX Info: Redefining \frac on input line 234.
\uproot@=\count294
\leftroot@=\count295
LaTeX Info: Redefining \overline on input line 399.
LaTeX Info: Redefining \colon on input line 410.
\classnum@=\count296
\DOTSCASE@=\count297
LaTeX Info: Redefining \ldots on input line 496.
LaTeX Info: Redefining \dots on input line 499.
LaTeX Info: Redefining \cdots on input line 620.
\Mathstrutbox@=\box66
\strutbox@=\box67
LaTeX Info: Redefining \big on input line 722.
LaTeX Info: Redefining \Big on input line 723.
LaTeX Info: Redefining \bigg on input line 724.
LaTeX Info: Redefining \Bigg on input line 725.
\big@size=\dimen262
LaTeX Font Info:    Redeclaring font encoding OML on input line 743.
LaTeX Font Info:    Redeclaring font encoding OMS on input line 744.
\macc@depth=\count298
LaTeX Info: Redefining \bmod on input line 905.
LaTeX Info: Redefining \pmod on input line 910.
LaTeX Info: Redefining \smash on input line 940.
LaTeX Info: Redefining \relbar on input line 970.
LaTeX Info: Redefining \Relbar on input line 971.
\c@MaxMatrixCols=\count299
\dotsspace@=\muskip17
\c@parentequation=\count300
\dspbrk@lvl=\count301
\tag@help=\toks36
\row@=\count302
\column@=\count303
\maxfields@=\count304
\andhelp@=\toks37
\eqnshift@=\dimen263
\alignsep@=\dimen264
\tagshift@=\dimen265
\tagwidth@=\dimen266
\totwidth@=\dimen267
\lineht@=\dimen268
\@envbody=\toks38
\multlinegap=\skip51
\multlinetaggap=\skip52
\mathdisplay@stack=\toks39
LaTeX Info: Redefining \[ on input line 2953.
LaTeX Info: Redefining \] on input line 2954.
)
(/usr/share/texlive/texmf-dist/tex/generic/iftex/ifxetex.sty
Package: ifxetex 2019/10/25 v0.7 ifxetex legacy package. Use iftex instead.
)
(/usr/share/texlive/texmf-dist/tex/generic/iftex/ifluatex.sty
Package: ifluatex 2019/10/25 v1.5 ifluatex legacy package. Use iftex instead.
)
(/usr/share/texlive/texmf-dist/tex/latex/oberdiek/centernot.sty
Package: centernot 2016/05/16 v1.4 Centers the not symbol horizontally (HO)
)
\tx@cntz=\count305

(/usr/share/texlive/texmf-dist/tex/generic/kastrup/binhex.tex)
\tx@Isdigit=\count306
\tx@IsAlNum=\count307
\tx@tA=\toks40
\tx@tB=\toks41
\tx@su=\read5

amsthm NOT loaded
LaTeX Font Info:    Redeclaring symbol font `operators' on input line 376.
LaTeX Font Info:    Overwriting symbol font `operators' in version `normal'
(Font)                  OT1/cmr/m/n --> OT1/minntx/m/n on input line 376.
LaTeX Font Info:    Overwriting symbol font `operators' in version `bold'
(Font)                  OT1/cmr/bx/n --> OT1/minntx/m/n on input line 376.
LaTeX Font Info:    Overwriting symbol font `operators' in version `bold'
(Font)                  OT1/minntx/m/n --> OT1/minntx/b/n on input line 377.
LaTeX Font Info:    Redeclaring math alphabet \mathsf on input line 383.
LaTeX Font Info:    Overwriting math alphabet `\mathsf' in version `normal'
(Font)                  OT1/cmss/m/n --> T1/qhv/m/n on input line 383.
LaTeX Font Info:    Overwriting math alphabet `\mathsf' in version `bold'
(Font)                  OT1/cmss/bx/n --> T1/qhv/m/n on input line 383.
LaTeX Font Info:    Redeclaring math alphabet \mathit on input line 384.
LaTeX Font Info:    Overwriting math alphabet `\mathit' in version `normal'
(Font)                  OT1/cmr/m/it --> OT1/minntx/m/it on input line 384.
LaTeX Font Info:    Overwriting math alphabet `\mathit' in version `bold'
(Font)                  OT1/cmr/bx/it --> OT1/minntx/m/it on input line 384.
LaTeX Font Info:    Redeclaring math alphabet \mathtt on input line 385.
LaTeX Font Info:    Overwriting math alphabet `\mathtt' in version `normal'
(Font)                  OT1/cmtt/m/n --> T1/ntxtt/m/n on input line 385.
LaTeX Font Info:    Overwriting math alphabet `\mathtt' in version `bold'
(Font)                  OT1/cmtt/m/n --> T1/ntxtt/m/n on input line 385.
LaTeX Font Info:    Redeclaring math alphabet \mathbf on input line 387.
LaTeX Font Info:    Overwriting math alphabet `\mathbf' in version `normal'
(Font)                  OT1/cmr/bx/n --> OT1/minntx/b/n on input line 387.
LaTeX Font Info:    Overwriting math alphabet `\mathbf' in version `bold'
(Font)                  OT1/cmr/bx/n --> OT1/minntx/b/n on input line 387.
LaTeX Font Info:    Overwriting math alphabet `\mathit' in version `bold'
(Font)                  OT1/minntx/m/it --> OT1/minntx/b/it on input line 388.
LaTeX Font Info:    Overwriting math alphabet `\mathsf' in version `bold'
(Font)                  T1/qhv/m/n --> T1/qhv/b/n on input line 389.
LaTeX Font Info:    Overwriting math alphabet `\mathtt' in version `bold'
(Font)                  T1/ntxtt/m/n --> T1/ntxtt/b/n on input line 390.
LaTeX Font Info:    Redeclaring symbol font `letters' on input line 491.
LaTeX Font Info:    Overwriting symbol font `letters' in version `normal'
(Font)                  OML/cmm/m/it --> OML/ntxmi/m/it on input line 491.
LaTeX Font Info:    Overwriting symbol font `letters' in version `bold'
(Font)                  OML/cmm/b/it --> OML/ntxmi/m/it on input line 491.
LaTeX Font Info:    Overwriting symbol font `letters' in version `bold'
(Font)                  OML/ntxmi/m/it --> OML/ntxmi/b/it on input line 492.
\symlettersA=\mathgroup4
LaTeX Font Info:    Overwriting symbol font `lettersA' in version `bold'
(Font)                  U/ntxmia/m/it --> U/ntxmia/b/it on input line 547.
Now handling font encoding LMS ...
... no UTF-8 mapping file for font encoding LMS
LaTeX Font Info:    Redeclaring symbol font `symbols' on input line 568.
LaTeX Font Info:    Encoding `OMS' has changed to `LMS' for symbol font
(Font)              `symbols' in the math version `normal' on input line 568.
LaTeX Font Info:    Overwriting symbol font `symbols' in version `normal'
(Font)                  OMS/cmsy/m/n --> LMS/ntxsy/m/n on input line 568.
LaTeX Font Info:    Encoding `OMS' has changed to `LMS' for symbol font
(Font)              `symbols' in the math version `bold' on input line 568.
LaTeX Font Info:    Overwriting symbol font `symbols' in version `bold'
(Font)                  OMS/cmsy/b/n --> LMS/ntxsy/m/n on input line 568.
LaTeX Font Info:    Overwriting symbol font `symbols' in version `bold'
(Font)                  LMS/ntxsy/m/n --> LMS/ntxsy/b/n on input line 569.
\symAMSm=\mathgroup5
LaTeX Font Info:    Overwriting symbol font `AMSm' in version `bold'
(Font)                  U/ntxsym/m/n --> U/ntxsym/b/n on input line 594.
\symsymbolsC=\mathgroup6
LaTeX Font Info:    Overwriting symbol font `symbolsC' in version `bold'
(Font)                  U/ntxsyc/m/n --> U/ntxsyc/b/n on input line 615.
Now handling font encoding LMX ...
... no UTF-8 mapping file for font encoding LMX
LaTeX Font Info:    Redeclaring symbol font `largesymbols' on input line 628.
LaTeX Font Info:    Encoding `OMX' has changed to `LMX' for symbol font
(Font)              `largesymbols' in the math version `normal' on input line 6
28.
LaTeX Font Info:    Overwriting symbol font `largesymbols' in version `normal'
(Font)                  OMX/cmex/m/n --> LMX/ntxexx/m/n on input line 628.
LaTeX Font Info:    Encoding `OMX' has changed to `LMX' for symbol font
(Font)              `largesymbols' in the math version `bold' on input line 628
.
LaTeX Font Info:    Overwriting symbol font `largesymbols' in version `bold'
(Font)                  OMX/cmex/m/n --> LMX/ntxexx/m/n on input line 628.
LaTeX Font Info:    Overwriting symbol font `largesymbols' in version `bold'
(Font)                  LMX/ntxexx/m/n --> LMX/ntxexx/b/n on input line 629.
\symlargesymbolsTXA=\mathgroup7
LaTeX Font Info:    Overwriting symbol font `largesymbolsTXA' in version `bold'

(Font)                  U/ntxexa/m/n --> U/ntxexa/b/n on input line 643.
\tx@sbptoks=\toks42
LaTeX Font Info:    Redeclaring math delimiter \lfloor on input line 866.
LaTeX Font Info:    Redeclaring math delimiter \rfloor on input line 867.
LaTeX Font Info:    Redeclaring math delimiter \lceil on input line 868.
LaTeX Font Info:    Redeclaring math delimiter \rceil on input line 869.
LaTeX Font Info:    Redeclaring math delimiter \lbrace on input line 870.
LaTeX Font Info:    Redeclaring math delimiter \rbrace on input line 871.
LaTeX Font Info:    Redeclaring math delimiter \langle on input line 872.
LaTeX Font Info:    Redeclaring math delimiter \rangle on input line 874.
LaTeX Font Info:    Redeclaring math delimiter \arrowvert on input line 878.
LaTeX Font Info:    Redeclaring math delimiter \vert on input line 879.
LaTeX Font Info:    Redeclaring math symbol \hbar on input line 925.
LaTeX Font Info:    Redeclaring math accent \dot on input line 950.
LaTeX Font Info:    Redeclaring math accent \ddot on input line 951.
LaTeX Font Info:    Redeclaring math accent \vec on input line 2020.
LaTeX Info: Redefining \Bbbk on input line 2810.
LaTeX Info: Redefining \not on input line 2959.
) (/usr/share/texlive/texmf-dist/tex/latex/tools/array.sty
Package: array 2022/09/04 v2.5g Tabular extension package (FMi)
\col@sep=\dimen269
\ar@mcellbox=\box68
\extrarowheight=\dimen270
\NC@list=\toks43
\extratabsurround=\skip53
\backup@length=\skip54
\ar@cellbox=\box69
)
(/usr/share/texlive/texmf-dist/tex/latex/geometry/geometry.sty
Package: geometry 2020/01/02 v5.9 Page Geometry

(/usr/share/texlive/texmf-dist/tex/generic/iftex/ifvtex.sty
Package: ifvtex 2019/10/25 v1.7 ifvtex legacy package. Use iftex instead.
)
\Gm@cnth=\count308
\Gm@cntv=\count309
\c@Gm@tempcnt=\count310
\Gm@bindingoffset=\dimen271
\Gm@wd@mp=\dimen272
\Gm@odd@mp=\dimen273
\Gm@even@mp=\dimen274
\Gm@layoutwidth=\dimen275
\Gm@layoutheight=\dimen276
\Gm@layouthoffset=\dimen277
\Gm@layoutvoffset=\dimen278
\Gm@dimlist=\toks44
)
(/usr/share/texlive/texmf-dist/tex/latex/listings/listings.sty
\lst@mode=\count311
\lst@gtempboxa=\box70
\lst@token=\toks45
\lst@length=\count312
\lst@currlwidth=\dimen279
\lst@column=\count313
\lst@pos=\count314
\lst@lostspace=\dimen280
\lst@width=\dimen281
\lst@newlines=\count315
\lst@lineno=\count316
\lst@maxwidth=\dimen282

(/usr/share/texlive/texmf-dist/tex/latex/listings/lstmisc.sty
File: lstmisc.sty 2020/03/24 1.8d (Carsten Heinz)
\c@lstnumber=\count317
\lst@skipnumbers=\count318
\lst@framebox=\box71
)
(/usr/share/texlive/texmf-dist/tex/latex/listings/listings.cfg
File: listings.cfg 2020/03/24 1.8d listings configuration
))
Package: listings 2020/03/24 1.8d (Carsten Heinz)

(/usr/share/texlive/texmf-dist/tex/latex/tools/multicol.sty
Package: multicol 2021/11/30 v1.9d multicolumn formatting (FMi)
\c@tracingmulticols=\count319
\mult@box=\box72
\multicol@leftmargin=\dimen283
\c@unbalance=\count320
\c@collectmore=\count321
\doublecol@number=\count322
\multicoltolerance=\count323
\multicolpretolerance=\count324
\full@width=\dimen284
\page@free=\dimen285
\premulticols=\dimen286
\postmulticols=\dimen287
\multicolsep=\skip55
\multicolbaselineskip=\skip56
\partial@page=\box73
\last@line=\box74
\maxbalancingoverflow=\dimen288
\mult@rightbox=\box75
\mult@grightbox=\box76
\mult@firstbox=\box77
\mult@gfirstbox=\box78
\@tempa=\box79
\@tempa=\box80
\@tempa=\box81
\@tempa=\box82
\@tempa=\box83
\@tempa=\box84
\@tempa=\box85
\@tempa=\box86
\@tempa=\box87
\@tempa=\box88
\@tempa=\box89
\@tempa=\box90
\@tempa=\box91
\@tempa=\box92
\@tempa=\box93
\@tempa=\box94
\@tempa=\box95
\@tempa=\box96
\@tempa=\box97
\@tempa=\box98
\@tempa=\box99
\@tempa=\box100
\@tempa=\box101
\@tempa=\box102
\@tempa=\box103
\@tempa=\box104
\@tempa=\box105
\@tempa=\box106
\@tempa=\box107
\@tempa=\box108
\@tempa=\box109
\@tempa=\box110
\@tempa=\box111
\@tempa=\box112
\@tempa=\box113
\@tempa=\box114
\c@minrows=\count325
\c@columnbadness=\count326
\c@finalcolumnbadness=\count327
\last@try=\dimen289
\multicolovershoot=\dimen290
\multicolundershoot=\dimen291
\mult@nat@firstbox=\box115
\colbreak@box=\box116
\mc@col@check@num=\count328
)
(/usr/share/texlive/texmf-dist/tex/latex/tools/longtable.sty
Package: longtable 2021-09-01 v4.17 Multi-page Table package (DPC)
\LTleft=\skip57
\LTright=\skip58
\LTpre=\skip59
\LTpost=\skip60
\LTchunksize=\count329
\LTcapwidth=\dimen292
\LT@head=\box117
\LT@firsthead=\box118
\LT@foot=\box119
\LT@lastfoot=\box120
\LT@gbox=\box121
\LT@cols=\count330
\LT@rows=\count331
\c@LT@tables=\count332
\c@LT@chunks=\count333
\LT@p@ftn=\toks46
)
(/usr/share/texlive/texmf-dist/tex/latex/fancyhdr/fancyhdr.sty
Package: fancyhdr 2022/11/09 v4.1 Extensive control of page headers and footers

\f@nch@headwidth=\skip61
\f@nch@O@elh=\skip62
\f@nch@O@erh=\skip63
\f@nch@O@olh=\skip64
\f@nch@O@orh=\skip65
\f@nch@O@elf=\skip66
\f@nch@O@erf=\skip67
\f@nch@O@olf=\skip68
\f@nch@O@orf=\skip69
)
(/usr/share/texlive/texmf-dist/tex/latex/titlesec/titletoc.sty
Package: titletoc 2021/07/05 v2.14 TOC entries
\ttl@leftsep=\dimen293
)
(/usr/share/texlive/texmf-dist/tex/latex/listings/lstlang1.sty
File: lstlang1.sty 2020/03/24 1.8d listings language file
)
(/usr/share/texlive/texmf-dist/tex/latex/float/float.sty
Package: float 2001/11/08 v1.3d Float enhancements (AL)
\c@float@type=\count334
\float@exts=\toks47
\float@box=\box122
\@float@everytoks=\toks48
\@floatcapt=\box123
)
LaTeX Font Info:    Trying to load font information for T1+ntxtlf on input line
 183.

(/usr/share/texlive/texmf-dist/tex/latex/newtx/t1ntxtlf.fd
File: t1ntxtlf.fd 2021/05/24 v1.1 font definition file for T1/ntx/tlf
)
LaTeX Font Info:    Font shape `T1/ntxtlf/m/n' will be
(Font)              scaled to size 12.0pt on input line 183.

(/usr/share/texlive/texmf-dist/tex/latex/l3backend/l3backend-pdftex.def
File: l3backend-pdftex.def 2023-01-16 L3 backend support: PDF output (pdfTeX)
\l__color_backend_stack_int=\count335
\l__pdf_internal_box=\box124
)
(./insi.aux)
\openout1 = `insi.aux'.

LaTeX Font Info:    Checking defaults for OML/ntxmi/m/it on input line 183.
LaTeX Font Info:    Trying to load font information for OML+ntxmi on input line
 183.
 (/usr/share/texlive/texmf-dist/tex/latex/newtx/omlntxmi.fd
File: omlntxmi.fd 2015/08/25 Fontinst v1.933 font definitions for OML/ntxmi.
)
LaTeX Font Info:    ... okay on input line 183.
LaTeX Font Info:    Checking defaults for OMS/cmsy/m/n on input line 183.
LaTeX Font Info:    ... okay on input line 183.
LaTeX Font Info:    Checking defaults for OT1/cmr/m/n on input line 183.
LaTeX Font Info:    ... okay on input line 183.
LaTeX Font Info:    Checking defaults for T1/cmr/m/n on input line 183.
LaTeX Font Info:    ... okay on input line 183.
LaTeX Font Info:    Checking defaults for TS1/cmr/m/n on input line 183.
LaTeX Font Info:    ... okay on input line 183.
LaTeX Font Info:    Checking defaults for OMX/cmex/m/n on input line 183.
LaTeX Font Info:    ... okay on input line 183.
LaTeX Font Info:    Checking defaults for U/ntxexa/m/n on input line 183.
LaTeX Font Info:    Trying to load font information for U+ntxexa on input line 
183.

(/usr/share/texlive/texmf-dist/tex/latex/newtx/untxexa.fd
File: untxexa.fd 2012/04/16 Fontinst v1.933 font definitions for U/ntxexa.
)
LaTeX Font Info:    ... okay on input line 183.
LaTeX Font Info:    Checking defaults for LMS/ntxsy/m/n on input line 183.
LaTeX Font Info:    Trying to load font information for LMS+ntxsy on input line
 183.

(/usr/share/texlive/texmf-dist/tex/latex/newtx/lmsntxsy.fd
File: lmsntxsy.fd 2016/07/02 Fontinst v1.933 font definitions for LMS/ntxsy.
)
LaTeX Font Info:    ... okay on input line 183.
LaTeX Font Info:    Checking defaults for LMX/ntxexx/m/n on input line 183.
LaTeX Font Info:    Trying to load font information for LMX+ntxexx on input lin
e 183.

(/usr/share/texlive/texmf-dist/tex/latex/newtx/lmxntxexx.fd
File: lmxntxexx.fd 2016/07/03 Fontinst v1.933 font definitions for LMX/ntxexx.
)
LaTeX Font Info:    ... okay on input line 183.
LaTeX Info: Redefining \degres on input line 183.
LaTeX Info: Redefining \up on input line 183.

(/usr/share/texlive/texmf-dist/tex/context/base/mkii/supp-pdf.mkii
[Loading MPS to PDF converter (version 2006.09.02).]
\scratchcounter=\count336
\scratchdimen=\dimen294
\scratchbox=\box125
\nofMPsegments=\count337
\nofMParguments=\count338
\everyMPshowfont=\toks49
\MPscratchCnt=\count339
\MPscratchDim=\dimen295
\MPnumerator=\count340
\makeMPintoPDFobject=\count341
\everyMPtoPDFconversion=\toks50
) (/usr/share/texlive/texmf-dist/tex/latex/epstopdf-pkg/epstopdf-base.sty
Package: epstopdf-base 2020-01-24 v2.11 Base part for package epstopdf
Package epstopdf-base Info: Redefining graphics rule for `.eps' on input line 4
85.

(/usr/share/texlive/texmf-dist/tex/latex/latexconfig/epstopdf-sys.cfg
File: epstopdf-sys.cfg 2010/07/13 v1.3 Configuration of (r)epstopdf for TeX Liv
e
))
\c@mv@tabular=\count342
\c@mv@boldtabular=\count343
LaTeX Info: Command `\dddot' is already robust on input line 183.
LaTeX Info: Command `\ddddot' is already robust on input line 183.

*geometry* driver: auto-detecting
*geometry* detected driver: pdftex
*geometry* verbose mode - [ preamble ] result:
* driver: pdftex
* paper: a4paper
* layout: <same size as paper>
* layoutoffset:(h,v)=(0.0pt,0.0pt)
* modes: 
* h-part:(L,W,R)=(49.79231pt, 497.92325pt, 49.79231pt)
* v-part:(T,H,B)=(49.79231pt, 724.12265pt, 71.13188pt)
* \paperwidth=597.50787pt
* \paperheight=845.04684pt
* \textwidth=497.92325pt
* \textheight=724.12265pt
* \oddsidemargin=-22.47768pt
* \evensidemargin=-22.47768pt
* \topmargin=-59.47768pt
* \headheight=12.0pt
* \headsep=25.0pt
* \topskip=12.0pt
* \footskip=30.0pt
* \marginparwidth=35.0pt
* \marginparsep=10.0pt
* \columnsep=10.0pt
* \skip\footins=10.8pt plus 4.0pt minus 2.0pt
* \hoffset=0.0pt
* \voffset=0.0pt
* \mag=1000
* \@twocolumnfalse
* \@twosidefalse
* \@mparswitchfalse
* \@reversemarginfalse
* (1in=72.27pt=25.4mm, 1cm=28.453pt)

\c@lstlisting=\count344
<logo_insi.png, id=4, 108.90688pt x 86.3225pt>
File: logo_insi.png Graphic file (type png)
<use logo_insi.png>
Package pdftex.def Info: logo_insi.png  used on input line 190.
(pdftex.def)             Requested size: 142.26378pt x 112.76187pt.
LaTeX Font Info:    Font shape `T1/ntxtlf/b/n' will be
(Font)              scaled to size 12.0pt on input line 199.
LaTeX Font Info:    Font shape `T1/ntxtlf/b/n' will be
(Font)              scaled to size 14.4pt on input line 199.
LaTeX Font Info:    Font shape `T1/ntxtlf/b/n' will be
(Font)              scaled to size 17.28pt on input line 219.
[1

{/var/lib/texmf/fonts/map/pdftex/updmap/pdftex.map} <./logo_insi.png>]
[1]
LaTeX Font Info:    Font shape `T1/ntxtlf/m/n' will be
(Font)              scaled to size 20.74pt on input line 254.

Underfull \hbox (badness 10000) in paragraph at lines 257--258

 []


Underfull \hbox (badness 10000) in paragraph at lines 259--260

 []


Underfull \hbox (badness 10000) in paragraph at lines 261--262

 []


Underfull \hbox (badness 10000) in paragraph at lines 263--264

 []

[1]
Underfull \hbox (badness 10000) in paragraph at lines 273--274

 []


Underfull \hbox (badness 10000) in paragraph at lines 275--276

 []

[2] [3]
LaTeX Font Info:    Font shape `T1/ntxtlf/m/n' will be
(Font)              scaled to size 17.28pt on input line 302.
LaTeX Font Info:    Font shape `T1/ntxtlf/b/n' will be
(Font)              scaled to size 20.74pt on input line 302.
 (./insi.toc [4])
\tf@toc=\write4
\openout4 = `insi.toc'.

 [5] [6]
Underfull \hbox (badness 1112) in paragraph at lines 394--394
[]|\T1/ntxtlf/m/n/12 Fenêtre glis-sante (sli-
 []


Underfull \hbox (badness 4001) in paragraph at lines 399--399
[]|\T1/ntxtlf/m/n/12 LSTM (Long Short-
 []


Underfull \hbox (badness 10000) in paragraph at lines 406--406
[]|\T1/ntxtlf/m/n/12 RMSE (Root Mean
 []

LaTeX Font Info:    Trying to load font information for OT1+minntx on input lin
e 408.
(/usr/share/texlive/texmf-dist/tex/latex/newtx/ot1minntx.fd
File: ot1minntx.fd 2022/01/20 v1.0 font definition file for OT1/minntx
)
LaTeX Font Info:    Trying to load font information for U+ntxmia on input line 
408.

(/usr/share/texlive/texmf-dist/tex/latex/newtx/untxmia.fd
File: untxmia.fd 2018/04/14 Fontinst v1.933 font definitions for U/ntxmia.
)
LaTeX Font Info:    Trying to load font information for U+ntxsym on input line 
408.

(/usr/share/texlive/texmf-dist/tex/latex/newtx/untxsym.fd
File: untxsym.fd 2015/03/20 Fontinst v1.933 font definitions for U/ntxsym.
)
LaTeX Font Info:    Trying to load font information for U+ntxsyc on input line 
408.

(/usr/share/texlive/texmf-dist/tex/latex/newtx/untxsyc.fd
File: untxsyc.fd 2012/04/12 Fontinst v1.933 font definitions for U/ntxsyc.
)
Underfull \hbox (badness 10000) in paragraph at lines 409--409
[]|\T1/ntxtlf/m/n/12 Standardisation (Z-
 []


Underfull \hbox (badness 10000) in paragraph at lines 410--410
[]|\T1/ntxtlf/m/n/12 STL (Seasonal-Trend
 []


Underfull \hbox (badness 10000) in paragraph at lines 410--410
\T1/ntxtlf/m/n/12 de-com-po-si-tion using
 []

LaTeX Font Info:    Font shape `T1/ntxtlf/m/it' will be
(Font)              scaled to size 12.0pt on input line 412.

Underfull \hbox (badness 10000) in paragraph at lines 414--414
[]|\T1/ntxtlf/m/n/12 Validation croi-sée
 []


Underfull \hbox (badness 10000) in paragraph at lines 415--415
[]|\T1/ntxtlf/m/n/12 Walk-forward va-li-da-
 []


Underfull \hbox (badness 10000) in paragraph at lines 416--416
[]|\T1/ntxtlf/m/n/12 XGBoost (Ex-treme
 []

[7] [8] [9] (./insi.lot)
\tf@lot=\write5
\openout5 = `insi.lot'.

 [10] (./insi.lof)
\tf@lof=\write6
\openout6 = `insi.lof'.

 [11]
Underfull \hbox (badness 10000) in paragraph at lines 438--439

 []


Underfull \hbox (badness 10000) in paragraph at lines 440--441

 []


Underfull \hbox (badness 10000) in paragraph at lines 442--446

 []


Underfull \hbox (badness 10000) in paragraph at lines 447--448

 []


Underfull \hbox (badness 10000) in paragraph at lines 449--450

 []

[1]
LaTeX Font Info:    Font shape `T1/ntxtlf/m/n' will be
(Font)              scaled to size 14.4pt on input line 456.
<organigramme.jpg, id=58, 845.559pt x 597.9138pt>
File: organigramme.jpg Graphic file (type jpg)
<use organigramme.jpg>
Package pdftex.def Info: organigramme.jpg  used on input line 479.
(pdftex.def)             Requested size: 341.43306pt x 241.44214pt.
LaTeX Font Info:    Font shape `T1/ntxtlf/m/sc' will be
(Font)              scaled to size 12.0pt on input line 480.
 [2 <./organigramme.jpg>] [3]
Overfull \hbox (1.69295pt too wide) in paragraph at lines 542--543
[]\T1/ntxtlf/m/n/12 INSI Uni-ver-sity pro-pose éga-le-ment des for-ma-tions pro
-fes-sion-nelles conti-nues, spé-ci-fi-que-ment conçues
 []

[4]
Underfull \hbox (badness 10000) in paragraph at lines 591--596

 []


Underfull \hbox (badness 10000) in paragraph at lines 609--610

 []


Underfull \hbox (badness 10000) in paragraph at lines 626--627

 []

[5]
Underfull \hbox (badness 10000) in paragraph at lines 637--638

 []


Underfull \hbox (badness 10000) in paragraph at lines 640--641

 []


Underfull \hbox (badness 10000) in paragraph at lines 670--671

 []

[6]
Underfull \hbox (badness 10000) in paragraph at lines 703--704

 []

[7]
LaTeX Font Info:    Font shape `T1/ntxtlf/m/n' will be
(Font)              scaled to size 8.8pt on input line 723.

Underfull \hbox (badness 10000) in paragraph at lines 723--724

 []


Underfull \hbox (badness 10000) in paragraph at lines 725--726

 []


Underfull \hbox (badness 10000) in paragraph at lines 727--728

 []


Underfull \hbox (badness 10000) in paragraph at lines 729--730

 []


Underfull \hbox (badness 10000) in paragraph at lines 731--732

 []


Underfull \hbox (badness 10000) in paragraph at lines 733--734

 []


Underfull \hbox (badness 10000) in paragraph at lines 735--736

 []


Underfull \hbox (badness 10000) in paragraph at lines 741--742

 []

[8]
Underfull \hbox (badness 10000) in paragraph at lines 749--754

 []

LaTeX Font Info:    Trying to load font information for T1+ntxtt on input line 
761.
(/usr/share/texlive/texmf-dist/tex/latex/newtx/t1ntxtt.fd
File: t1ntxtt.fd 2012/04/20 v3.1
)
LaTeX Font Info:    Font shape `T1/ntxtt/m/n' will be
(Font)              scaled to size 12.0pt on input line 761.

Overfull \hbox (10.97357pt too wide) in paragraph at lines 757--764
 [][] 
 []


Overfull \hbox (10.97357pt too wide) in alignment at lines 779--792
 [] [] 
 []

[9]
Overfull \hbox (10.97357pt too wide) in alignment at lines 806--819
 [] [] 
 []

[10]
Overfull \hbox (10.97357pt too wide) in alignment at lines 840--857
 [] [] 
 []

[11]
LaTeX Font Info:    Font shape `T1/ntxtlf/m/n' will be
(Font)              scaled to size 6.6pt on input line 866.

Overfull \hbox (10.97357pt too wide) in alignment at lines 874--887
 [] [] 
 []

[12]
Overfull \hbox (10.97357pt too wide) in alignment at lines 900--915
 [] [] 
 []

[13] [14] [15] [16]
Underfull \hbox (badness 3803) in paragraph at lines 1077--1077
[]|\T1/ntxtlf/m/n/12 Régression : es-ti-mer
 []


Underfull \hbox (badness 10000) in paragraph at lines 1078--1078
[]|\T1/ntxtlf/m/n/12 Données ta-bu-
 []


Underfull \hbox (badness 2521) in paragraph at lines 1079--1080
[]|\T1/ntxtlf/m/n/12 Régression Li-néaire, SVR,
 []


Underfull \hbox (badness 10000) in paragraph at lines 1083--1083
[]|\T1/ntxtlf/m/n/12 Données ta-
 []


Underfull \hbox (badness 10000) in paragraph at lines 1083--1083
\T1/ntxtlf/m/n/12 bu-laires (pa-ra-
 []


Underfull \hbox (badness 6592) in paragraph at lines 1083--1083
\T1/ntxtlf/m/n/12 mètres physico-
 []


Underfull \hbox (badness 10000) in paragraph at lines 1083--1083
\T1/ntxtlf/m/n/12 chimiques de
 []


Underfull \hbox (badness 10000) in paragraph at lines 1088--1088
[]|\T1/ntxtlf/m/n/12 Séries tem-po-
 []


Underfull \hbox (badness 10000) in paragraph at lines 1088--1088
\T1/ntxtlf/m/n/12 relles (me-sures
 []


Underfull \hbox (badness 10000) in paragraph at lines 1088--1088
\T1/ntxtlf/m/n/12 suc-ces-sives de
 []

[17] [18]
Overfull \hbox (15.48885pt too wide) in alignment at lines 1121--1140
 [] [] [] 
 []

LaTeX Font Info:    Trying to load font information for TS1+ntxtlf on input lin
e 1169.
(/usr/share/texlive/texmf-dist/tex/latex/newtx/ts1ntxtlf.fd
File: ts1ntxtlf.fd 2015/01/18 v1.0 fd file for TS1/ntxtlf
)
LaTeX Font Info:    Font shape `TS1/ntxtlf/m/n' will be
(Font)              scaled to size 12.0pt on input line 1169.

Overfull \hbox (31.55687pt too wide) in alignment at lines 1151--1174
 [] [] [] 
 []

[19]
<Densite_tilapia/Displot Densite_Tilapia_Are.png, id=124, 361.35pt x 361.35pt>
File: Densite_tilapia/Displot Densite_Tilapia_Are.png Graphic file (type png)
<use Densite_tilapia/Displot Densite_Tilapia_Are.png>
Package pdftex.def Info: Densite_tilapia/Displot Densite_Tilapia_Are.png  used 
on input line 1192.
(pdftex.def)             Requested size: 199.16626pt x 199.16766pt.
<Densite_tilapia/ViolinPlot Hauteur_Eau.png, id=125, 462.528pt x 346.896pt>
File: Densite_tilapia/ViolinPlot Hauteur_Eau.png Graphic file (type png)
<use Densite_tilapia/ViolinPlot Hauteur_Eau.png>
Package pdftex.def Info: Densite_tilapia/ViolinPlot Hauteur_Eau.png  used on in
put line 1205.
(pdftex.def)             Requested size: 239.00102pt x 179.2542pt.
<Densite_tilapia/Violin Plot Temperature_Actuelle.png, id=126, 462.528pt x 346.
896pt>
File: Densite_tilapia/Violin Plot Temperature_Actuelle.png Graphic file (type p
ng)
<use Densite_tilapia/Violin Plot Temperature_Actuelle.png>
Package pdftex.def Info: Densite_tilapia/Violin Plot Temperature_Actuelle.png  
used on input line 1213.
(pdftex.def)             Requested size: 239.00102pt x 179.2542pt.
 [20 <./Densite_tilapia/Displot Densite_Tilapia_Are.png> <./Densite_tilapia/Vio
linPlot Hauteur_Eau.png> <./Densite_tilapia/Violin Plot Temperature_Actuelle.pn
g>]
<Densite_tilapia/Violin Plot Niveau_Engrais.png, id=133, 462.528pt x 346.896pt>

File: Densite_tilapia/Violin Plot Niveau_Engrais.png Graphic file (type png)
<use Densite_tilapia/Violin Plot Niveau_Engrais.png>
Package pdftex.def Info: Densite_tilapia/Violin Plot Niveau_Engrais.png  used o
n input line 1230.
(pdftex.def)             Requested size: 239.00102pt x 179.2542pt.
<Densite_tilapia/Violin Plot Type_irrigation.png, id=134, 462.528pt x 346.896pt
>
File: Densite_tilapia/Violin Plot Type_irrigation.png Graphic file (type png)
<use Densite_tilapia/Violin Plot Type_irrigation.png>
Package pdftex.def Info: Densite_tilapia/Violin Plot Type_irrigation.png  used 
on input line 1238.
(pdftex.def)             Requested size: 239.00102pt x 179.2542pt.
<Densite_tilapia/Violin Plot Couleur_sol.png, id=135, 462.528pt x 346.896pt>
File: Densite_tilapia/Violin Plot Couleur_sol.png Graphic file (type png)
<use Densite_tilapia/Violin Plot Couleur_sol.png>
Package pdftex.def Info: Densite_tilapia/Violin Plot Couleur_sol.png  used on i
nput line 1253.
(pdftex.def)             Requested size: 239.00102pt x 179.2542pt.
<Densite_tilapia/Violin Plot Texture_sol.png, id=136, 462.528pt x 346.896pt>
File: Densite_tilapia/Violin Plot Texture_sol.png Graphic file (type png)
<use Densite_tilapia/Violin Plot Texture_sol.png>
Package pdftex.def Info: Densite_tilapia/Violin Plot Texture_sol.png  used on i
nput line 1261.
(pdftex.def)             Requested size: 239.00102pt x 179.2542pt.
 [21 <./Densite_tilapia/Violin Plot Niveau_Engrais.png> <./Densite_tilapia/Viol
in Plot Type_irrigation.png> <./Densite_tilapia/Violin Plot Couleur_sol.png> <.
/Densite_tilapia/Violin Plot Texture_sol.png>]
Underfull \hbox (badness 10000) in paragraph at lines 1271--1272

 []

<Densite_tilapia/Heatmap Correlation.png, id=144, 462.528pt x 346.896pt>
File: Densite_tilapia/Heatmap Correlation.png Graphic file (type png)
<use Densite_tilapia/Heatmap Correlation.png>
Package pdftex.def Info: Densite_tilapia/Heatmap Correlation.png  used on input
 line 1277.
(pdftex.def)             Requested size: 273.8593pt x 205.4026pt.
<Qualite_eau/Distribution Plot TURBIDITY.png, id=145, 403.2666pt x 361.35pt>
File: Qualite_eau/Distribution Plot TURBIDITY.png Graphic file (type png)
<use Qualite_eau/Distribution Plot TURBIDITY.png>
Package pdftex.def Info: Qualite_eau/Distribution Plot TURBIDITY.png  used on i
nput line 1293.
(pdftex.def)             Requested size: 239.00102pt x 214.16507pt.
<Qualite_eau/Distribution Plot TEMP.png, id=146, 403.2666pt x 361.35pt>
File: Qualite_eau/Distribution Plot TEMP.png Graphic file (type png)
<use Qualite_eau/Distribution Plot TEMP.png>
Package pdftex.def Info: Qualite_eau/Distribution Plot TEMP.png  used on input 
line 1301.
(pdftex.def)             Requested size: 239.00102pt x 214.16507pt.
[22 <./Densite_tilapia/Heatmap Correlation.png>]
<Qualite_eau/Distribution Plot PH.png, id=151, 403.2666pt x 361.35pt>
File: Qualite_eau/Distribution Plot PH.png Graphic file (type png)
<use Qualite_eau/Distribution Plot PH.png>
Package pdftex.def Info: Qualite_eau/Distribution Plot PH.png  used on input li
ne 1317.
(pdftex.def)             Requested size: 239.00102pt x 214.16507pt.
<Qualite_eau/Distribution Plot DO.png, id=152, 403.2666pt x 361.35pt>
File: Qualite_eau/Distribution Plot DO.png Graphic file (type png)
<use Qualite_eau/Distribution Plot DO.png>
Package pdftex.def Info: Qualite_eau/Distribution Plot DO.png  used on input li
ne 1325.
(pdftex.def)             Requested size: 239.00102pt x 214.16507pt.
 [23 <./Qualite_eau/Distribution Plot TURBIDITY.png> <./Qualite_eau/Distributio
n Plot TEMP.png> <./Qualite_eau/Distribution Plot PH.png> <./Qualite_eau/Distri
bution Plot DO.png>]
<Qualite_eau/Heatmap Correlation.png, id=160, 462.528pt x 346.896pt>
File: Qualite_eau/Heatmap Correlation.png Graphic file (type png)
<use Qualite_eau/Heatmap Correlation.png>
Package pdftex.def Info: Qualite_eau/Heatmap Correlation.png  used on input lin
e 1340.
(pdftex.def)             Requested size: 273.8593pt x 205.4026pt.
<Qualite_eau/Distibution Qualite d'Eau.png, id=161, 462.528pt x 346.896pt>
File: Qualite_eau/Distibution Qualite d'Eau.png Graphic file (type png)
<use Qualite_eau/Distibution Qualite d'Eau.png>
Package pdftex.def Info: Qualite_eau/Distibution Qualite d'Eau.png  used on inp
ut line 1352.
(pdftex.def)             Requested size: 199.16626pt x 149.37408pt.
 [24 <./Qualite_eau/Heatmap Correlation.png>]
Underfull \hbox (badness 10000) in paragraph at lines 1364--1364

 []

LaTeX Font Info:    Font shape `T1/ntxtt/m/n' will be
(Font)              scaled to size 10.0pt on input line 1368.
LaTeX Font Info:    Font shape `T1/ntxtlf/m/n' will be
(Font)              scaled to size 10.0pt on input line 1369.
LaTeX Font Info:    Font shape `T1/ntxtlf/m/n' will be
(Font)              scaled to size 6.0pt on input line 1369.
[25 <./Qualite_eau/Distibution Qualite d'Eau.png>]
Underfull \hbox (badness 10000) in paragraph at lines 1402--1402

 []


Underfull \hbox (badness 10000) in paragraph at lines 1408--1408

 []

[26]
Underfull \hbox (badness 10000) in paragraph at lines 1427--1427

 []


Underfull \hbox (badness 10000) in paragraph at lines 1441--1441

 []

[27]
Underfull \hbox (badness 10000) in paragraph at lines 1458--1458

 []

[28]
Underfull \hbox (badness 10000) in paragraph at lines 1471--1471

 []


Overfull \hbox (10.97357pt too wide) in alignment at lines 1475--1483
 [] [] 
 []


Overfull \hbox (10.97357pt too wide) in alignment at lines 1493--1511
 [] [] 
 []


Overfull \hbox (10.97357pt too wide) in alignment at lines 1517--1530
 [] [] 
 []


Overfull \hbox (10.97357pt too wide) in alignment at lines 1536--1549
 [] [] 
 []


Overfull \hbox (10.97357pt too wide) in alignment at lines 1555--1572
 [] [] 
 []

[29]
Underfull \hbox (badness 10000) in paragraph at lines 1592--1592
[]|\T1/ntxtt/m/n/12 ccp_alpha: 0.01, criterion:
 []


Underfull \hbox (badness 10000) in paragraph at lines 1592--1592
\T1/ntxtt/m/n/12 friedman_mse, max_depth:
 []


Underfull \hbox (badness 10000) in paragraph at lines 1592--1592
\T1/ntxtt/m/n/12 None, max_features: None,
 []


Underfull \hbox (badness 10000) in paragraph at lines 1592--1592
\T1/ntxtt/m/n/12 min_samples_leaf: 4,
 []


Underfull \hbox (badness 10000) in paragraph at lines 1594--1594
[]|\T1/ntxtt/m/n/12 max_depth: 10, max_features:
 []


Underfull \hbox (badness 10000) in paragraph at lines 1594--1594
\T1/ntxtt/m/n/12 sqrt, min_samples_split: 5,
 []


Underfull \hbox (badness 10000) in paragraph at lines 1596--1596
[]|\T1/ntxtt/m/n/12 C: 10, epsilon: 0.1, gamma:
 []


Underfull \hbox (badness 10000) in paragraph at lines 1598--1598
[]|\T1/ntxtt/m/n/12 gamma: 0, learning_rate: 0.1,
 []


Underfull \hbox (badness 10000) in paragraph at lines 1598--1598
\T1/ntxtt/m/n/12 max_depth: 3, min_child_weight:
 []

<Densite_tilapia/Evaluations Densite.png, id=183, 722.7pt x 722.7pt>
File: Densite_tilapia/Evaluations Densite.png Graphic file (type png)
<use Densite_tilapia/Evaluations Densite.png>
Package pdftex.def Info: Densite_tilapia/Evaluations Densite.png  used on input
 line 1617.
(pdftex.def)             Requested size: 323.64706pt x 323.64609pt.
[30]
Underfull \hbox (badness 10000) in paragraph at lines 1629--1629

 []

[31 <./Densite_tilapia/Evaluations Densite.png>]
Underfull \hbox (badness 10000) in paragraph at lines 1733--1733
[]|\T1/ntxtlf/m/n/12 Régression Lo-gis-
 []


Underfull \hbox (badness 10000) in paragraph at lines 1733--1733
[]|\T1/ntxtt/m/n/12 C: 0.1, max_iter: 1000,
 []


Underfull \hbox (badness 10000) in paragraph at lines 1737--1737
[]|\T1/ntxtt/m/n/12 max_depth: 20, max_features:
 []


Underfull \hbox (badness 10000) in paragraph at lines 1741--1741
[]|\T1/ntxtt/m/n/12 learning_rate: 0.1, max_depth:
 []

[32]
Underfull \hbox (badness 10000) in paragraph at lines 1761--1761
[]|\T1/ntxtlf/m/n/12 Régression Lo-gis-
 []


Underfull \hbox (badness 10000) in paragraph at lines 1783--1783

 []

[33]
Underfull \hbox (badness 10000) in paragraph at lines 1813--1817

 []

[34]
<Plateforme/Densite_Tilapia.jpg, id=201, 925.20656pt x 328.22626pt>
File: Plateforme/Densite_Tilapia.jpg Graphic file (type jpg)
<use Plateforme/Densite_Tilapia.jpg>
Package pdftex.def Info: Plateforme/Densite_Tilapia.jpg  used on input line 183
1.
(pdftex.def)             Requested size: 423.2378pt x 150.1495pt.
<Plateforme/Classification_Qualite_Eau.jpg, id=202, 923.70094pt x 342.5297pt>
File: Plateforme/Classification_Qualite_Eau.jpg Graphic file (type jpg)
<use Plateforme/Classification_Qualite_Eau.jpg>
Package pdftex.def Info: Plateforme/Classification_Qualite_Eau.jpg  used on inp
ut line 1842.
(pdftex.def)             Requested size: 423.2378pt x 156.9436pt.
<Plateforme/Prediction_Qualite_Eau.jpg, id=203, 967.36406pt x 438.8897pt>
File: Plateforme/Prediction_Qualite_Eau.jpg Graphic file (type jpg)
<use Plateforme/Prediction_Qualite_Eau.jpg>
Package pdftex.def Info: Plateforme/Prediction_Qualite_Eau.jpg  used on input l
ine 1852.
(pdftex.def)             Requested size: 423.2378pt x 192.02046pt.
 [35 <./Plateforme/Densite_Tilapia.jpg> <./Plateforme/Classification_Qualite_Ea
u.jpg>] [36 <./Plateforme/Prediction_Qualite_Eau.jpg>] [37]
Underfull \hbox (badness 10000) in paragraph at lines 1883--1885
\T1/ntxtlf/m/it/12 Fish for the fu-ture : From in-ten-sive to ex-ten-sive aqua-
cul-ture
 []


Underfull \hbox (badness 10000) in paragraph at lines 1883--1885
\T1/ntxtlf/m/it/12 in Ma-da-gas-car\T1/ntxtlf/m/n/12 . 2023. Dis-po-nible sur :
 $\T1/ntxtt/m/n/12 https : / / nbi . iisd . org /
 []


Overfull \hbox (18.54276pt too wide) in paragraph at lines 1883--1885
\T1/ntxtt/m/n/12 fr-[]fish-[]for-[]the-[]future-[]from-[]intensive-[]to-[]exten
sive-[]aquaculture-[]in-[]madagascar/$ 
 []


Underfull \hbox (badness 2460) in paragraph at lines 1891--1893
\T1/ntxtlf/m/it/12 Agriculture à Ma-da-gas-car : l'État dé-ploie l'In-fra-struc
-ture Pu-blique Nu-mé-rique Agri-
 []


Underfull \hbox (badness 3758) in paragraph at lines 1891--1893
\T1/ntxtlf/m/it/12 cole pour sou-te-nir les pro-duc-teurs\T1/ntxtlf/m/n/12 . Di
s-po-nible sur : $\T1/ntxtt/m/n/12 https : / / www . minae . gov . mg /
 []


Overfull \hbox (245.84232pt too wide) in paragraph at lines 1891--1893
\T1/ntxtt/m/n/12 agriculture-[]a-[]madagascar-[]letat-[]deploie-[]linfrastructu
re-[]publique-[]numerique-[]agricole-[]pour-[]soutenir-[]les-[]producteurs/$ 
 []


Underfull \hbox (badness 1062) in paragraph at lines 1907--1908
[]\T1/ntxtlf/m/it/12 Prédiction de la te-neur en oxy-gène dis-sous en aqua-cul-
ture ba-sée sur le re-grou-pe-ment
 []


Underfull \hbox (badness 2119) in paragraph at lines 1907--1908
\T1/ntxtlf/m/it/12 et un ELM amé-lioré\T1/ntxtlf/m/n/12 . 4 Mars 2021. Dis-po-n
ible sur : $\T1/ntxtt/m/n/12 https : / / scispace . com / pdf /
 []

[1] [2]
Underfull \hbox (badness 10000) in paragraph at lines 1999--2000
[]\T1/ntxtlf/m/it/12 Imbalanced-learn Do-cu-men-ta-tion -- Under-sampling\T1/nt
xtlf/m/n/12 . Dis-po-nible sur : $\T1/ntxtt/m/n/12 https :
 []

[3]
LaTeX Font Info:    Trying to load font information for T1+txtt on input line 2
013.
 (/usr/share/texlive/texmf-dist/tex/latex/txfonts/t1txtt.fd
File: t1txtt.fd 2000/12/15 v3.1
)
LaTeX Font Info:    Font shape `T1/ntxtt/b/n' in size <12> not available
(Font)              Font shape `T1/txtt/bx/n' tried instead on input line 2013.

LaTeX Font Info:    Font shape `T1/ntxtt/m/n' will be
(Font)              scaled to size 8.0pt on input line 2016.
LaTeX Font Info:    Font shape `T1/ntxtlf/m/n' will be
(Font)              scaled to size 8.0pt on input line 2017.
LaTeX Font Info:    Font shape `T1/ntxtt/b/n' in size <8> not available
(Font)              Font shape `T1/txtt/bx/n' tried instead on input line 2017.

 [4] [5]
[6]
Overfull \hbox (23.99997pt too wide) in alignment at lines 2237--2244
 [] [] 
 []

[7] (./insi.aux) ) 
Here is how much of TeX's memory you used:
 21531 strings out of 478022
 386885 string characters out of 5839674
 2729330 words of memory out of 5000000
 41260 multiletter control sequences out of 15000+600000
 580511 words of font info for 103 fonts, out of 8000000 for 9000
 14 hyphenation exceptions out of 8191
 83i,12n,95p,1398b,1976s stack positions out of 10000i,1000n,20000p,200000b,200000s
{/usr/share/texmf/fonts/enc/dvips/tex-gyre/q-ts1.enc}{/usr/sh
are/texlive/texmf-dist/fonts/enc/dvips/newtx/ntx-ot1-tlf.enc}{/usr/share/texliv
e/texmf-dist/fonts/enc/dvips/newtx/ntx-ec-tlf-pc.enc}{/usr/share/texlive/texmf-
dist/fonts/enc/dvips/newtx/ntx-ec-tlf.enc}</usr/share/texlive/texmf-dist/fonts/
type1/public/newtx/NewTXMI.pfb></usr/share/texlive/texmf-dist/fonts/type1/publi
c/newtx/NewTXMI7.pfb></usr/share/texmf/fonts/type1/public/tex-gyre/qtmr.pfb></u
sr/share/texlive/texmf-dist/fonts/type1/public/txfonts/t1xbtt.pfb></usr/share/t
exlive/texmf-dist/fonts/type1/public/txfonts/t1xtt.pfb></usr/share/texlive/texm
f-dist/fonts/type1/public/newtx/txexs.pfb></usr/share/texlive/texmf-dist/fonts/
type1/public/newtx/txmiaX.pfb></usr/share/texlive/texmf-dist/fonts/type1/public
/newtx/txsys.pfb></usr/share/texlive/texmf-dist/fonts/type1/public/newtx/ztmb.p
fb></usr/share/texlive/texmf-dist/fonts/type1/public/newtx/ztmr.pfb></usr/share
/texlive/texmf-dist/fonts/type1/public/newtx/ztmri.pfb>
Output written on insi.pdf (57 pages, 1490687 bytes).
PDF statistics:
 297 PDF objects out of 1000 (max. 8388607)
 175 compressed objects within 2 object streams
 0 named destinations out of 1000 (max. 500000)
 113 words of extra memory for PDF output out of 10000 (max. 10000000)

